Analyzing box...                                                

   info - 'withOpacity' is deprecated and shouldn't be used. Use .withValues() to avoid precision loss - lib\app_drawer.dart:168:33 - deprecated_member_use
   info - 'withOpacity' is deprecated and shouldn't be used. Use .withValues() to avoid precision loss - lib\app_drawer.dart:302:33 - deprecated_member_use
   info - Unnecessary use of multiple underscores - lib\home_page.dart:486:29 - unnecessary_underscores
   info - Unnecessary use of multiple underscores - lib\home_page.dart:501:39 - unnecessary_underscores
   info - Don't use 'BuildContext's across async gaps - lib\home_page.dart:510:42 - use_build_context_synchronously
   info - 'withOpacity' is deprecated and shouldn't be used. Use .withValues() to avoid precision loss - lib\home_page.dart:524:59 - deprecated_member_use
   info - Unnecessary use of multiple underscores - lib\home_page.dart:578:29 - unnecessary_underscores
   info - 'withOpacity' is deprecated and shouldn't be used. Use .withValues() to avoid precision loss - lib\main.dart:307:35 - deprecated_member_use
   info - Invalid use of a private type in a public API - lib\novel\core\novel_source_capability.dart:63:8 - library_private_types_in_public_api
   info - The imported package 'encrypt' isn't a dependency of the importing package - lib\novel\core\rule_novel_source.dart:4:8 - depend_on_referenced_packages
  error - Target of URI doesn't exist: 'package:encrypt/encrypt.dart' - lib\novel\core\rule_novel_source.dart:4:8 - uri_does_not_exist
   info - Unnecessary use of string interpolation - lib\novel\core\rule_novel_source.dart:602:26 - unnecessary_string_interpolations
   info - The imported package 'crypto' isn't a dependency of the importing package - lib\novel\core\wtzw_novel_source.dart:5:8 - depend_on_referenced_packages
   info - The imported package 'encrypt' isn't a dependency of the importing package - lib\novel\core\wtzw_novel_source.dart:6:8 - depend_on_referenced_packages
  error - Target of URI doesn't exist: 'package:encrypt/encrypt.dart' - lib\novel\core\wtzw_novel_source.dart:6:8 - uri_does_not_exist
  error - Undefined name 'NovelSourceFactory' - lib\novel\novel_module.dart:27:15 - undefined_identifier
  error - Target of URI doesn't exist: '../../core/novel_source_capability.dart' - lib\novel\pages\book_source_diagnostic_page.dart:3:8 - uri_does_not_exist
  error - Target of URI doesn't exist: '../../core/novel_source_capability_detector.dart' - lib\novel\pages\book_source_diagnostic_page.dart:4:8 - uri_does_not_exist
  error - Undefined class 'NovelSourceCapabilityReport' - lib\novel\pages\book_source_diagnostic_page.dart:14:22 - undefined_class
  error - Undefined class 'NovelSourceCapabilityItem' - lib\novel\pages\book_source_diagnostic_page.dart:98:5 - undefined_class
  error - Undefined name 'NovelSourceCapabilityDetector' - lib\novel\pages\book_source_diagnostic_page.dart:200:20 - undefined_identifier
  error - The getter 'shade700' isn't defined for the type 'Color' - lib\novel\pages\book_source_diagnostic_page.dart:249:44 - undefined_getter
   info - Use of 'return' in a 'finally' clause - lib\novel\pages\novel_list_page.dart:355:21 - control_flow_in_finally
   info - Use of 'return' in a 'finally' clause - lib\novel\pages\novel_list_page.dart:418:21 - control_flow_in_finally
   info - 'withOpacity' is deprecated and shouldn't be used. Use .withValues() to avoid precision loss - lib\novel\pages\reader\reader_bottom_bar.dart:66:30 - deprecated_member_use
   info - 'withOpacity' is deprecated and shouldn't be used. Use .withValues() to avoid precision loss - lib\novel\pages\reader\reader_continuous_view.dart:48:36 - deprecated_member_use
   info - 'withOpacity' is deprecated and shouldn't be used. Use .withValues() to avoid precision loss - lib\novel\pages\reader\reader_continuous_view.dart:66:40 - deprecated_member_use
   info - 'withOpacity' is deprecated and shouldn't be used. Use .withValues() to avoid precision loss - lib\novel\pages\reader\reader_continuous_view.dart:78:36 - deprecated_member_use
   info - 'withOpacity' is deprecated and shouldn't be used. Use .withValues() to avoid precision loss - lib\novel\pages\reader\reader_directory_sheet.dart:181:41 - deprecated_member_use
   info - 'withOpacity' is deprecated and shouldn't be used. Use .withValues() to avoid precision loss - lib\novel\pages\reader\reader_directory_sheet.dart:235:51 - deprecated_member_use
   info - 'withOpacity' is deprecated and shouldn't be used. Use .withValues() to avoid precision loss - lib\novel\pages\reader\reader_directory_sheet.dart:265:60 - deprecated_member_use
   info - 'withOpacity' is deprecated and shouldn't be used. Use .withValues() to avoid precision loss - lib\novel\pages\reader\reader_directory_sheet.dart:272:55 - deprecated_member_use
   info - 'withOpacity' is deprecated and shouldn't be used. Use .withValues() to avoid precision loss - lib\novel\pages\reader\reader_directory_sheet.dart:304:67 - deprecated_member_use
   info - 'withOpacity' is deprecated and shouldn't be used. Use .withValues() to avoid precision loss - lib\novel\pages\reader\reader_paged_view.dart:52:30 - deprecated_member_use
   info - 'withOpacity' is deprecated and shouldn't be used. Use .withValues() to avoid precision loss - lib\novel\pages\reader\reader_paged_view.dart:59:32 - deprecated_member_use
   info - 'withOpacity' is deprecated and shouldn't be used. Use .withValues() to avoid precision loss - lib\novel\pages\reader\reader_paged_view.dart:72:36 - deprecated_member_use
   info - 'withOpacity' is deprecated and shouldn't be used. Use .withValues() to avoid precision loss - lib\novel\pages\reader\reader_paged_view.dart:89:28 - deprecated_member_use
   info - 'withOpacity' is deprecated and shouldn't be used. Use .withValues() to avoid precision loss - lib\novel\pages\reader\reader_paged_view.dart:143:42 - deprecated_member_use
   info - 'withOpacity' is deprecated and shouldn't be used. Use .withValues() to avoid precision loss - lib\novel\pages\reader\reader_paged_view.dart:173:44 - deprecated_member_use
   info - 'withOpacity' is deprecated and shouldn't be used. Use .withValues() to avoid precision loss - lib\novel\pages\reader\reader_paged_view.dart:181:42 - deprecated_member_use
   info - 'withOpacity' is deprecated and shouldn't be used. Use .withValues() to avoid precision loss - lib\novel\pages\reader\reader_settings_sheet.dart:84:57 - deprecated_member_use
   info - 'withOpacity' is deprecated and shouldn't be used. Use .withValues() to avoid precision loss - lib\novel\pages\reader\reader_settings_sheet.dart:91:52 - deprecated_member_use
   info - 'withOpacity' is deprecated and shouldn't be used. Use .withValues() to avoid precision loss - lib\novel\pages\reader\reader_settings_sheet.dart:99:52 - deprecated_member_use
   info - 'withOpacity' is deprecated and shouldn't be used. Use .withValues() to avoid precision loss - lib\novel\pages\reader\reader_settings_sheet.dart:108:53 - deprecated_member_use
   info - 'withOpacity' is deprecated and shouldn't be used. Use .withValues() to avoid precision loss - lib\novel\pages\reader\reader_settings_sheet.dart:116:44 - deprecated_member_use
   info - 'withOpacity' is deprecated and shouldn't be used. Use .withValues() to avoid precision loss - lib\novel\pages\reader\reader_settings_sheet.dart:125:53 - deprecated_member_use
   info - 'withOpacity' is deprecated and shouldn't be used. Use .withValues() to avoid precision loss - lib\novel\pages\reader\reader_settings_sheet.dart:133:44 - deprecated_member_use
   info - 'withOpacity' is deprecated and shouldn't be used. Use .withValues() to avoid precision loss - lib\novel\pages\reader\reader_top_bar.dart:30:30 - deprecated_member_use
   info - The import of 'package:flutter/rendering.dart' is unnecessary because all of the used elements are also provided by the import of 'package:flutter/material.dart' - lib\novel\pages\reader_page.dart:4:8 - unnecessary_import
   info - 'withOpacity' is deprecated and shouldn't be used. Use .withValues() to avoid precision loss - lib\novel\pages\reader_page.dart:459:29 - deprecated_member_use
   info - 'withOpacity' is deprecated and shouldn't be used. Use .withValues() to avoid precision loss - lib\novel\pages\reader_page.dart:476:29 - deprecated_member_use
   info - 'withOpacity' is deprecated and shouldn't be used. Use .withValues() to avoid precision loss - lib\novel\pages\reader_page.dart:523:51 - deprecated_member_use
   info - 'withOpacity' is deprecated and shouldn't be used. Use .withValues() to avoid precision loss - lib\novel\pages\reader_page.dart:529:53 - deprecated_member_use
  error - Undefined name 'NovelSourceFactory' - lib\novel\pages\source_manager\book_source_diagnostic.dart:130:20 - undefined_identifier
   info - 'withOpacity' is deprecated and shouldn't be used. Use .withValues() to avoid precision loss - lib\novel\pages\source_manager\book_source_manager_page.dart:209:52 - deprecated_member_use
   info - 'withOpacity' is deprecated and shouldn't be used. Use .withValues() to avoid precision loss - lib\novel\pages\source_manager\book_source_manager_page.dart:227:58 - deprecated_member_use
  error - The named parameter 'source' is required, but there's no corresponding argument - lib\novel\pages\source_manager\book_source_manager_page.dart:442:25 - missing_required_argument
  error - The named parameter 'sourceJson' isn't defined - lib\novel\pages\source_manager\book_source_manager_page.dart:443:11 - undefined_named_parameter
   info - 'withOpacity' is deprecated and shouldn't be used. Use .withValues() to avoid precision loss - lib\novel\pages\source_manager\book_source_manager_page.dart:650:41 - deprecated_member_use
   info - 'withOpacity' is deprecated and shouldn't be used. Use .withValues() to avoid precision loss - lib\novel\pages\source_manager\book_source_manager_page.dart:676:42 - deprecated_member_use
   info - 'withOpacity' is deprecated and shouldn't be used. Use .withValues() to avoid precision loss - lib\novel\pages\source_manager\book_source_manager_page.dart:693:40 - deprecated_member_use
   info - 'withOpacity' is deprecated and shouldn't be used. Use .withValues() to avoid precision loss - lib\novel\pages\source_manager\book_source_manager_page.dart:703:38 - deprecated_member_use
   info - 'withOpacity' is deprecated and shouldn't be used. Use .withValues() to avoid precision loss - lib\novel\pages\source_manager\book_source_manager_page.dart:711:40 - deprecated_member_use
   info - 'withOpacity' is deprecated and shouldn't be used. Use .withValues() to avoid precision loss - lib\novel\pages\source_manager\book_source_manager_page.dart:720:42 - deprecated_member_use
   info - 'withOpacity' is deprecated and shouldn't be used. Use .withValues() to avoid precision loss - lib\novel\pages\source_manager\book_source_manager_page.dart:730:45 - deprecated_member_use
   info - 'withOpacity' is deprecated and shouldn't be used. Use .withValues() to avoid precision loss - lib\novel\pages\source_manager\book_source_manager_page.dart:757:33 - deprecated_member_use
   info - 'withOpacity' is deprecated and shouldn't be used. Use .withValues() to avoid precision loss - lib\novel\pages\source_manager\book_source_manager_page.dart:763:30 - deprecated_member_use
   info - 'withOpacity' is deprecated and shouldn't be used. Use .withValues() to avoid precision loss - lib\novel\pages\source_manager\book_source_manager_page.dart:931:38 - deprecated_member_use
   info - 'withOpacity' is deprecated and shouldn't be used. Use .withValues() to avoid precision loss - lib\novel\pages\source_manager\book_source_manager_page.dart:948:36 - deprecated_member_use
   info - 'value' is deprecated and shouldn't be used. Use component accessors like .r or .g, or toARGB32 for an explicit conversion - lib\plugin_manager.dart:224:58 - deprecated_member_use
   info - 'value' is deprecated and shouldn't be used. Use component accessors like .r or .g, or toARGB32 for an explicit conversion - lib\plugin_manager.dart:630:32 - deprecated_member_use
   info - 'value' is deprecated and shouldn't be used. Use component accessors like .r or .g, or toARGB32 for an explicit conversion - lib\plugin_market_page.dart:399:27 - deprecated_member_use
   info - 'withOpacity' is deprecated and shouldn't be used. Use .withValues() to avoid precision loss - lib\plugin_market_page.dart:1349:43 - deprecated_member_use
   info - Unnecessary use of multiple underscores - lib\plugin_market_page.dart:1557:45 - unnecessary_underscores
   info - 'value' is deprecated and shouldn't be used. Use component accessors like .r or .g, or toARGB32 for an explicit conversion - lib\plugin_tab.dart:133:37 - deprecated_member_use
   info - 'value' is deprecated and shouldn't be used. Use initialValue instead. This will set the initial value for the form field. This feature was deprecated after v3.33.0-1.0.pre - lib\plugin_tab.dart:202:27 - deprecated_member_use
   info - 'value' is deprecated and shouldn't be used. Use initialValue instead. This will set the initial value for the form field. This feature was deprecated after v3.33.0-1.0.pre - lib\plugin_tab.dart:221:27 - deprecated_member_use
   info - 'value' is deprecated and shouldn't be used. Use component accessors like .r or .g, or toARGB32 for an explicit conversion - lib\plugin_tab.dart:276:41 - deprecated_member_use
   info - Don't use 'BuildContext's across async gaps, guarded by an unrelated 'mounted' check - lib\plugin_tab.dart:288:35 - use_build_context_synchronously
   info - Don't use 'BuildContext's across async gaps, guarded by an unrelated 'mounted' check - lib\plugin_tab.dart:456:37 - use_build_context_synchronously
   info - Don't use 'BuildContext's across async gaps - lib\plugin_tab.dart:462:40 - use_build_context_synchronously
   info - Don't use 'BuildContext's across async gaps - lib\plugin_tab.dart:562:44 - use_build_context_synchronously
   info - 'withOpacity' is deprecated and shouldn't be used. Use .withValues() to avoid precision loss - lib\plugin_tab.dart:566:55 - deprecated_member_use
   info - 'withOpacity' is deprecated and shouldn't be used. Use .withValues() to avoid precision loss - lib\plugin_tab.dart:586:56 - deprecated_member_use
   info - Don't use 'BuildContext's across async gaps, guarded by an unrelated 'mounted' check - lib\plugin_tab.dart:719:50 - use_build_context_synchronously
   info - 'withOpacity' is deprecated and shouldn't be used. Use .withValues() to avoid precision loss - lib\tool_page.dart:276:75 - deprecated_member_use
warning - This 'onError' handler must return a value assignable to 'FileSystemEntity', but ends without returning a value - lib\update\app_installer_io.dart:47:54 - body_might_complete_normally_catch_error
   info - Use the null-aware marker '?' rather than a null check via an 'if' - lib\update\update_service.dart:42:11 - use_null_aware_elements
   info - Use the null-aware marker '?' rather than a null check via an 'if' - lib\update\update_service.dart:43:11 - use_null_aware_elements
   info - The imported package 'collection' isn't a dependency of the importing package - lib\video-Pro\controller\history_controller.dart:3:8 - depend_on_referenced_packages
warning - Unused import: 'package:collection/collection.dart' - lib\video-Pro\controller\history_controller.dart:3:8 - unused_import
warning - The value of the field '_lastSavedPosition' isn't used - lib\video-Pro\controller\history_controller.dart:11:26 - unused_field
warning - The operand can't be 'null', so the condition is always 'true' - lib\video-Pro\controller\video_controller.dart:139:51 - unnecessary_null_comparison
   info - Unnecessary use of multiple underscores - lib\video-Pro\pages\aggregate_search\aggregate_search_source_section.dart:63:37 - unnecessary_underscores
   info - Unnecessary use of multiple underscores - lib\video-Pro\pages\aggregate_search_page.dart:106:29 - unnecessary_underscores
warning - Unused import: 'detail_models.dart' - lib\video-Pro\pages\detail\detail_info_card.dart:6:8 - unused_import
   info - 'withOpacity' is deprecated and shouldn't be used. Use .withValues() to avoid precision loss - lib\video-Pro\pages\detail\detail_info_card.dart:73:54 - deprecated_member_use
   info - Dangling library doc comment - lib\video-Pro\pages\detail\detail_models.dart:1:1 - dangling_library_doc_comments
warning - Unused import: '../../models/video_category.dart' - lib\video-Pro\pages\home\home_category_bar.dart:4:8 - unused_import
   info - 'withOpacity' is deprecated and shouldn't be used. Use .withValues() to avoid precision loss - lib\video-Pro\pages\home\home_header_section.dart:21:47 - deprecated_member_use
   info - 'withOpacity' is deprecated and shouldn't be used. Use .withValues() to avoid precision loss - lib\video-Pro\pages\home\home_header_section.dart:27:38 - deprecated_member_use
   info - 'withOpacity' is deprecated and shouldn't be used. Use .withValues() to avoid precision loss - lib\video-Pro\pages\home\home_quick_access_grid.dart:285:39 - deprecated_member_use
   info - 'withOpacity' is deprecated and shouldn't be used. Use .withValues() to avoid precision loss - lib\video-Pro\pages\home\home_quick_access_grid.dart:298:37 - deprecated_member_use
   info - Unnecessary use of multiple underscores - lib\video-Pro\pages\home\home_source_sheet.dart:24:31 - unnecessary_underscores
warning - Unused import: 'package:flutter/foundation.dart' - lib\video-Pro\pages\home\home_utils.dart:1:8 - unused_import
warning - Unused import: '../models/vod_item.dart' - lib\video-Pro\pages\video_sliver_home.dart:7:8 - unused_import
warning - Unused import: 'home/home_empty_state.dart' - lib\video-Pro\pages\video_sliver_home.dart:12:8 - unused_import
   info - 'withOpacity' is deprecated and shouldn't be used. Use .withValues() to avoid precision loss - lib\video-Pro\pages\video_sliver_home.dart:435:33 - deprecated_member_use
   info - 'withOpacity' is deprecated and shouldn't be used. Use .withValues() to avoid precision loss - lib\video-Pro\pages\video_sliver_home.dart:448:48 - deprecated_member_use
warning - The declaration '_log' isn't referenced - lib\video-Pro\services\source_health_service.dart:60:8 - unused_element
warning - Unused import: 'package:flutter/foundation.dart' - lib\video-Pro\services\video_api_service.dart:3:8 - unused_import
warning - The declaration '_redactHeaders' isn't referenced - lib\video-Pro\services\video_api_service.dart:27:30 - unused_element
   info - Unnecessary use of multiple underscores - lib\video-Pro\widgets\history_quick_view.dart:97:45 - unnecessary_underscores
   info - 'withOpacity' is deprecated and shouldn't be used. Use .withValues() to avoid precision loss - lib\video-Pro\widgets\history_quick_view.dart:304:44 - deprecated_member_use
   info - 'withOpacity' is deprecated and shouldn't be used. Use .withValues() to avoid precision loss - lib\video-Pro\widgets\history_quick_view.dart:323:61 - deprecated_member_use
warning - The operand can't be 'null', so the condition is always 'false' - lib\video-Pro\widgets\player\custom_video_controls.dart:66:16 - unnecessary_null_comparison
warning - Dead code - lib\video-Pro\widgets\player\custom_video_controls.dart:66:25 - dead_code
   info - 'withOpacity' is deprecated and shouldn't be used. Use .withValues() to avoid precision loss - lib\video-Pro\widgets\player\custom_video_controls.dart:443:33 - deprecated_member_use
   info - 'withOpacity' is deprecated and shouldn't be used. Use .withValues() to avoid precision loss - lib\video-Pro\widgets\player\custom_video_controls.dart:478:32 - deprecated_member_use
   info - 'withOpacity' is deprecated and shouldn't be used. Use .withValues() to avoid precision loss - lib\video-Pro\widgets\player\custom_video_controls.dart:527:37 - deprecated_member_use
   info - 'withOpacity' is deprecated and shouldn't be used. Use .withValues() to avoid precision loss - lib\video-Pro\widgets\player\custom_video_controls.dart:566:32 - deprecated_member_use
   info - 'withOpacity' is deprecated and shouldn't be used. Use .withValues() to avoid precision loss - lib\video-Pro\widgets\player\custom_video_controls.dart:675:31 - deprecated_member_use
   info - 'withOpacity' is deprecated and shouldn't be used. Use .withValues() to avoid precision loss - lib\video-Pro\widgets\player\custom_video_controls.dart:710:31 - deprecated_member_use
   info - 'withOpacity' is deprecated and shouldn't be used. Use .withValues() to avoid precision loss - lib\video-Pro\widgets\player\player_overlays.dart:20:33 - deprecated_member_use
   info - 'withOpacity' is deprecated and shouldn't be used. Use .withValues() to avoid precision loss - lib\video-Pro\widgets\player\player_overlays.dart:113:31 - deprecated_member_use
   info - Unnecessary use of multiple underscores - lib\video-Pro\widgets\source_switch_sheet.dart:114:39 - unnecessary_underscores
   info - Don't use 'BuildContext's across async gaps, guarded by an unrelated 'mounted' check - lib\video-Pro\widgets\source_switch_sheet.dart:144:54 - use_build_context_synchronously
   info - Don't use 'BuildContext's across async gaps, guarded by an unrelated 'mounted' check - lib\video-Pro\widgets\source_switch_sheet.dart:166:50 - use_build_context_synchronously
   info - Don't use 'BuildContext's across async gaps - lib\video-Pro\widgets\video_play_container.dart:270:28 - use_build_context_synchronously
   info - 'onPopInvoked' is deprecated and shouldn't be used. Use onPopInvokedWithResult instead. This feature was deprecated after v3.22.0-12.0.pre - lib\video-Pro\widgets\video_play_container.dart:395:7 - deprecated_member_use
   info - Unnecessary constructor invocation - lib\warehouse_tab.dart:81:17 - prefer_collection_literals
   info - Don't use 'BuildContext's across async gaps, guarded by an unrelated 'mounted' check - lib\warehouse_tab.dart:237:31 - use_build_context_synchronously
   info - 'withOpacity' is deprecated and shouldn't be used. Use .withValues() to avoid precision loss - lib\warehouse_tab.dart:280:60 - deprecated_member_use
   info - Don't use 'BuildContext's across async gaps, guarded by an unrelated 'mounted' check - lib\warehouse_tab.dart:324:41 - use_build_context_synchronously
   info - Don't use 'BuildContext's across async gaps, guarded by an unrelated 'mounted' check - lib\warehouse_tab.dart:335:41 - use_build_context_synchronously
   info - Unnecessary use of multiple underscores - lib\warehouse_tab.dart:498:45 - unnecessary_underscores
   info - Unnecessary use of multiple underscores - lib\warehouse_tab.dart:838:43 - unnecessary_underscores
   info - Unnecessary use of multiple underscores - lib\warehouse_tab.dart:838:47 - unnecessary_underscores

